;
; SkoolKit ref file for The Great Escape by Denton Designs.
;
; This disassembly copyright (c) David Thomas, 2012-2014. <dave@davespace.co.uk>
;

[GraphicGlitch:GuardsTooLow:Front-facing guards are drawn too low]
The pointers to the bitmap data are off by two bytes, so not only do the guards' graphics not line up with their masks, but they're also drawn too low by one row:

#UDGTABLE(gallery)
{ #UDGARRAY2,7,4,2,,,,2;$D783-$D7BC-1-16:$D585-$D5C4-1-16{0,0,64,116}(sprite-guard-facing-bottom-right-1) | #UDGARRAY2,7,4,2,,,,2;$D7BD-$D7F6-1-16:$D5C5-$D604-1-16{0,0,64,116}(sprite-guard-facing-bottom-right-2) | #UDGARRAY2,7,4,2,,,,2;$D7F7-$D82E-1-16:$D605-$D63C-1-16{0,0,64,112}(sprite-guard-facing-bottom-right-3) | #UDGARRAY2,7,4,2,,,,2;$D82F-$D866-1-16:$D63D-$D676-1-16{0,0,64,112}(sprite-guard-facing-bottom-right-4) }
TABLE#


[PageContent:Characters]
<h3>Commandant facing away</h3>
#UDGTABLE(gallery)
{ #UDGARRAY2,7,4,2,,,,2;$D026-$D05F-1-16:$D485-$D4C4-1-16{0,0,64,116}(sprite-commandant-facing-top-left-1*) | #UDGARRAY2,7,4,2,,,,2;$D060-$D099-1-16:$D4C5-$D504-1-16{0,0,64,116}(sprite-commandant-facing-top-left-2*) | #UDGARRAY2,7,4,2,,,,2;$D09A-$D0D5-1-16:$D505-$D544-1-16{0,0,64,120}(sprite-commandant-facing-top-left-3*) | #UDGARRAY2,7,4,2,,,,2;$D0D6-$D10E-1-16:$D545-$D584-1-16{0,0,64,112}(sprite-commandant-facing-top-left-4*) }
TABLE#
#UDGARRAY*sprite-commandant-facing-top-left-1;sprite-commandant-facing-top-left-2;sprite-commandant-facing-top-left-3;sprite-commandant-facing-top-left-4(sprite-commandant-facing-top-left.gif)

<h3>Commandant facing toward</h3>
#UDGTABLE(gallery)
{ #UDGARRAY2,7,4,2,,,,2;$D10E-$D143-1-16:$D585-$D5C4-1-16{0,0,64,108}(sprite-commandant-facing-bottom-right-1*) | #UDGARRAY2,7,4,2,,,,2;$D144-$D17B-1-16:$D5C5-$D604-1-16{0,0,64,112}(sprite-commandant-facing-bottom-right-2*) | #UDGARRAY2,7,4,2,,,,2;$D17C-$D1B1-1-16:$D605-$D63C-1-16{0,0,64,108}(sprite-commandant-facing-bottom-right-3*) | #UDGARRAY2,7,4,2,,,,2;$D1B2-$D1E9-1-16:$D63D-$D676-1-16{0,0,64,112}(sprite-commandant-facing-bottom-right-4*) }
TABLE#
#UDGARRAY*sprite-commandant-facing-bottom-right-1;sprite-commandant-facing-bottom-right-2;sprite-commandant-facing-bottom-right-3;sprite-commandant-facing-bottom-right-4(sprite-commandant-facing-bottom-right.gif)

<h3>Prisoner facing away</h3>
#UDGTABLE(gallery)
{ #UDGARRAY2,7,4,2,,,,2;$D1EA-$D21F-1-16:$D485-$D4C4-1-16{0,0,64,108}(sprite-prisoner-facing-top-left-1*) | #UDGARRAY2,7,4,2,,,,2;$D220-$D255-1-16:$D4C5-$D504-1-16{0,0,64,108}(sprite-prisoner-facing-top-left-2*) | #UDGARRAY2,7,4,2,,,,2;$D256-$D28B-1-16:$D505-$D544-1-16{0,0,64,108}(sprite-prisoner-facing-top-left-3*) | #UDGARRAY2,7,4,2,,,,2;$D28C-$D2BF-1-16:$D545-$D584-1-16{0,0,64,104}(sprite-prisoner-facing-top-left-4*) }
TABLE#
#UDGARRAY*sprite-prisoner-facing-top-left-1;sprite-prisoner-facing-top-left-2;sprite-prisoner-facing-top-left-3;sprite-prisoner-facing-top-left-4(sprite-prisoner-facing-top-left.gif)

<h3>Prisoner facing toward</h3>
#UDGTABLE(gallery)
{ #UDGARRAY2,7,4,2,,,,2;$D2C0-$D2F3-1-16:$D585-$D5C4-1-16{0,0,64,108}(sprite-prisoner-facing-bottom-right-1*) | #UDGARRAY2,7,4,2,,,,2;$D2F4-$D32B-1-16:$D5C5-$D604-1-16{0,0,64,116}(sprite-prisoner-facing-bottom-right-2*) | #UDGARRAY2,7,4,2,,,,2;$D32C-$D361-1-16:$D605-$D63C-1-16{0,0,64,112}(sprite-prisoner-facing-bottom-right-3*) | #UDGARRAY2,7,4,2,,,,2;$D362-$D397-1-16:$D63D-$D676-1-16{0,0,64,112}(sprite-prisoner-facing-bottom-right-4*) }
TABLE#
#UDGARRAY*sprite-prisoner-facing-bottom-right-1;sprite-prisoner-facing-bottom-right-2;sprite-prisoner-facing-bottom-right-3;sprite-prisoner-facing-bottom-right-4(sprite-prisoner-facing-bottom-right.gif)

<h3>Crawling facing toward</h3>
#UDGTABLE(gallery)
{ #UDGARRAY3,7,4,3,,,,2;$D398-$D3C4-1-24:$D677-$D6A6-1-24{0,0,96,60}(sprite-crawl-facing-bottom-left-1*) | #UDGARRAY3,7,4,3,,,,2;$D3C5-$D3F4-1-24:$D677-$D6A6-1-24{0,0,96,64}(sprite-crawl-facing-bottom-left-2*) }
TABLE#
#UDGARRAY*sprite-crawl-facing-bottom-left-1;sprite-crawl-facing-bottom-left-2(sprite-crawl-facing-bottom-left.gif)

<h3>Crawling facing away</h3>
#UDGTABLE(gallery)
{ #UDGARRAY3,7,4,3,,,,2;$D3F5-$D424-1-24:$D455-$D484-1-24{0,0,96,64}(sprite-crawl-facing-top-left-1*) | #UDGARRAY3,7,4,3,,,,2;$D425-$D454-1-24:$D455-$D484-1-24{0,0,96,64}(sprite-crawl-facing-top-left-2*) }
TABLE#
#UDGARRAY*sprite-crawl-facing-top-left-1;sprite-crawl-facing-top-left-2(sprite-crawl-facing-top-left.gif)

<h3>Guard facing away</h3>
#UDGTABLE(gallery)
{ #UDGARRAY2,7,4,2,,,,2;$D6A7-$D6DC-1-16:$D485-$D4C4-1-16{0,0,64,108}(sprite-guard-facing-top-left-1*) | #UDGARRAY2,7,4,2,,,,2;$D6DD-$D712-1-16:$D4C5-$D504-1-16{0,0,64,108}(sprite-guard-facing-top-left-2*) | #UDGARRAY2,7,4,2,,,,2;$D713-$D74C-1-16:$D505-$D544-1-16{0,0,64,116}(sprite-guard-facing-top-left-3*) | #UDGARRAY2,7,4,2,,,,2;$D74D-$D782-1-16:$D545-$D584-1-16{0,0,64,108}(sprite-guard-facing-top-left-4*) }
TABLE#
#UDGARRAY*sprite-guard-facing-top-left-1;sprite-guard-facing-top-left-2;sprite-guard-facing-top-left-3;sprite-guard-facing-top-left-4(sprite-guard-facing-top-left.gif)

<h3>Guard facing toward</h3>
#UDGTABLE(gallery)
{ #UDGARRAY2,7,4,2,,,,2;$D783-$D7BC-1-16:$D585-$D5C4-1-16{0,0,64,116}(sprite-guard-facing-bottom-right-1*) | #UDGARRAY2,7,4,2,,,,2;$D7BD-$D7F6-1-16:$D5C5-$D604-1-16{0,0,64,116}(sprite-guard-facing-bottom-right-2*) | #UDGARRAY2,7,4,2,,,,2;$D7F7-$D82E-1-16:$D605-$D63C-1-16{0,0,64,112}(sprite-guard-facing-bottom-right-3*) | #UDGARRAY2,7,4,2,,,,2;$D82F-$D866-1-16:$D63D-$D676-1-16{0,0,64,112}(sprite-guard-facing-bottom-right-4*) }
TABLE#
#UDGARRAY*sprite-guard-facing-bottom-right-1;sprite-guard-facing-bottom-right-2;sprite-guard-facing-bottom-right-3;sprite-guard-facing-bottom-right-4(sprite-guard-facing-bottom-right.gif)

<h3>Dog facing away</h3>
#UDGTABLE(gallery)
{ #UDGARRAY3,7,4,3,,,,2;$D867-$D896-1-24:$D921-$D950-1-24{0,0,96,64}(sprite-dog-facing-top-left-1*) | #UDGARRAY3,7,4,3,,,,2;$D897-$D8C6-1-24:$D921-$D950-1-24{0,0,96,64}(sprite-dog-facing-top-left-2*) | #UDGARRAY3,7,4,3,,,,2;$D8C7-$D8F3-1-24:$D921-$D950-1-24{0,0,96,60}(sprite-dog-facing-top-left-3*) | #UDGARRAY3,7,4,3,,,,2;$D8F4-$D920-1-24:$D921-$D950-1-24{0,0,96,60}(sprite-dog-facing-top-left-4*) }
TABLE#
#UDGARRAY*sprite-dog-facing-top-left-1;sprite-dog-facing-top-left-2;sprite-dog-facing-top-left-3;sprite-dog-facing-top-left-4(sprite-dog-facing-top-left.gif)

<h3>Dog facing toward</h3>
#UDGTABLE(gallery)
{ #UDGARRAY3,7,4,3,,,,2;$D951-$D97A-1-24:$D9F9-$DA28-1-24{0,0,96,56}(sprite-dog-facing-bottom-right-1*) | #UDGARRAY3,7,4,3,,,,2;$D97B-$D9A7-1-24:$D9F9-$DA28-1-24{0,0,96,60}(sprite-dog-facing-bottom-right-2*) | #UDGARRAY3,7,4,3,,,,2;$D9A8-$D9CE-1-24:$D9F9-$DA28-1-24{0,0,96,60}(sprite-dog-facing-bottom-right-3*) | #UDGARRAY3,7,4,3,,,,2;$D9CF-$D9F8-1-24:$D9F9-$DA28-1-24{0,0,96,56}(sprite-dog-facing-bottom-right-4*) }
TABLE#
#UDGARRAY*sprite-dog-facing-bottom-right-1;sprite-dog-facing-bottom-right-2;sprite-dog-facing-bottom-right-3;sprite-dog-facing-bottom-right-4(sprite-dog-facing-bottom-right.gif)

<h3>Crate and Stove</h3>
#UDGTABLE(gallery)
{ #UDGARRAY3,7,4,3,,,,2;$DAB6-$DAFD-1-24:$DAFE-$DB45-1-24(sprite-crate) | #UDGARRAY2,7,4,2,,,,2;$DB46-$DB72-1-16:$DB72-$DB9D-1-16{0,0,64,88}(sprite-stove) }
TABLE#


[PageContent:Items]
#UDGTABLE(gallery)
{ Shovel   | #UDGARRAY2,7,4,2,,,,2;$DDDD-$DDF6-1-16:$DE95-$DEAE-1-16{0,0,64,52}(sprite-shovel) }
{ Key      | #UDGARRAY2,7,4,2,,,,2;$DDF7-$DE10-1-16:$DE95-$DEAE-1-16{0,0,64,52}(sprite-key) }
{ Lockpick | #UDGARRAY2,7,4,2,,,,2;$DE11-$DE30-1-16:$DEAF-$DECE-1-16{0,0,64,64}(sprite-lockpick) }
{ Compass  | #UDGARRAY2,7,4,2,,,,2;$DE31-$DE48-1-16:$DECF-$DEE6-1-16{0,0,64,48}(sprite-compass) }
{ Purse    | #UDGARRAY2,7,4,2,,,,2;$DE49-$DE60-1-16:$DEE7-$DEFE-1-16{0,0,64,48}(sprite-purse) }
{ Papers   | #UDGARRAY2,7,4,2,,,,2;$DE61-$DE7E-1-16:$DEFF-$DF1C-1-16{0,0,64,60}(sprite-papers) }
{ Wiresnip | #UDGARRAY2,7,4,2,,,,2;$DE7F-$DE94-1-16:$DF1D-$DF32-1-16{0,0,64,44}(sprite-wiresnips) }
{ Food     | #UDGARRAY2,7,4,2,,,,2;$DF33-$DF52-1-16:$E0B7-$E0D6-1-16{0,0,64,64}(sprite-food) }
{ Poison   | #UDGARRAY2,7,4,2,,,,2;$DF53-$DF72-1-16:$E05F-$E07E-1-16{0,0,64,64}(sprite-poison) }
{ Torch    | #UDGARRAY2,7,4,2,,,,2;$DF73-$DF8A-1-16:$E07F-$E096-1-16{0,0,64,48}(sprite-torch) }
{ Uniform  | #UDGARRAY2,7,4,2,,,,2;$DF8B-$DFAA-1-16:$E01F-$E03E-1-16{0,0,64,64}(sprite-uniform) }
{ Bribe    | #UDGARRAY2,7,4,2,,,,2;$DFAB-$DFC4-1-16:$E005-$E01E-1-16{0,0,64,52}(sprite-bribe) }
{ Radio    | #UDGARRAY2,7,4,2,,,,2;$DFC5-$DFE4-1-16:$E097-$E0B6-1-16{0,0,64,64}(sprite-radio) }
{ Parcel   | #UDGARRAY2,7,4,2,,,,2;$DFE5-$E004-1-16:$E03F-$E05E-1-16{0,0,64,64}(sprite-parcel) }
TABLE#


[PageContent:RoomObjects]
#CALL:decode_all_objects($7095, 54)


[PageContent:Map]
<h3>Exterior map</h3>

<p>
#CALL:map($BCEE, 54, 34)
</p>

<h3>Super tiles</h3>

<p>These are the 4x4 blocks of tile refs of which the exterior map is constructed.</p>

<table>
<tr><td>$5B00</td><td>$00</td><td>#CALL:supertile($5B00)</td></tr>
<tr><td>$5B10</td><td>$01</td><td>#CALL:supertile($5B10)</td></tr>
<tr><td>$5B20</td><td>$02</td><td>#CALL:supertile($5B20)</td></tr>
<tr><td>$5B30</td><td>$03</td><td>#CALL:supertile($5B30)</td></tr>
<tr><td>$5B40</td><td>$04</td><td>#CALL:supertile($5B40)</td></tr>
<tr><td>$5B50</td><td>$05</td><td>#CALL:supertile($5B50)</td></tr>
<tr><td>$5B60</td><td>$06</td><td>#CALL:supertile($5B60)</td></tr>
<tr><td>$5B70</td><td>$07</td><td>#CALL:supertile($5B70)</td></tr>
<tr><td>$5B80</td><td>$08</td><td>#CALL:supertile($5B80)</td></tr>
<tr><td>$5B90</td><td>$09</td><td>#CALL:supertile($5B90)</td></tr>
<tr><td>$5BA0</td><td>$0A</td><td>#CALL:supertile($5BA0)</td></tr>
<tr><td>$5BB0</td><td>$0B</td><td>#CALL:supertile($5BB0)</td></tr>
<tr><td>$5BC0</td><td>$0C</td><td>#CALL:supertile($5BC0)</td></tr>
<tr><td>$5BD0</td><td>$0D</td><td>#CALL:supertile($5BD0)</td></tr>
<tr><td>$5BE0</td><td>$0E</td><td>#CALL:supertile($5BE0)</td></tr>
<tr><td>$5BF0</td><td>$0F</td><td>#CALL:supertile($5BF0)</td></tr>
<tr><td>$5C00</td><td>$10</td><td>#CALL:supertile($5C00)</td></tr>
<tr><td>$5C10</td><td>$11</td><td>#CALL:supertile($5C10)</td></tr>
<tr><td>$5C20</td><td>$12</td><td>#CALL:supertile($5C20)</td></tr>
<tr><td>$5C30</td><td>$13</td><td>#CALL:supertile($5C30)</td></tr>
<tr><td>$5C40</td><td>$14</td><td>#CALL:supertile($5C40)</td></tr>
<tr><td>$5C50</td><td>$15</td><td>#CALL:supertile($5C50)</td></tr>
<tr><td>$5C60</td><td>$16</td><td>#CALL:supertile($5C60)</td></tr>
<tr><td>$5C70</td><td>$17</td><td>#CALL:supertile($5C70)</td></tr>
<tr><td>$5C80</td><td>$18</td><td>#CALL:supertile($5C80)</td></tr>
<tr><td>$5C90</td><td>$19</td><td>#CALL:supertile($5C90)</td></tr>
<tr><td>$5CA0</td><td>$1A</td><td>#CALL:supertile($5CA0)</td></tr>
<tr><td>$5CB0</td><td>$1B</td><td>#CALL:supertile($5CB0)</td></tr>
<tr><td>$5CC0</td><td>$1C</td><td>#CALL:supertile($5CC0)</td></tr>
<tr><td>$5CD0</td><td>$1D</td><td>#CALL:supertile($5CD0)</td></tr>
<tr><td>$5CE0</td><td>$1E</td><td>#CALL:supertile($5CE0)</td></tr>
<tr><td>$5CF0</td><td>$1F</td><td>#CALL:supertile($5CF0)</td></tr>
<tr><td>$5D00</td><td>$20</td><td>#CALL:supertile($5D00)</td></tr>
<tr><td>$5D10</td><td>$21</td><td>#CALL:supertile($5D10)</td></tr>
<tr><td>$5D20</td><td>$22</td><td>#CALL:supertile($5D20)</td></tr>
<tr><td>$5D30</td><td>$23</td><td>#CALL:supertile($5D30)</td></tr>
<tr><td>$5D40</td><td>$24</td><td>#CALL:supertile($5D40)</td></tr>
<tr><td>$5D50</td><td>$25</td><td>#CALL:supertile($5D50)</td></tr>
<tr><td>$5D60</td><td>$26</td><td>#CALL:supertile($5D60)</td></tr>
<tr><td>$5D70</td><td>$27</td><td>#CALL:supertile($5D70)</td></tr>
<tr><td>$5D80</td><td>$28</td><td>#CALL:supertile($5D80)</td></tr>
<tr><td>$5D90</td><td>$29</td><td>#CALL:supertile($5D90)</td></tr>
<tr><td>$5DA0</td><td>$2A</td><td>#CALL:supertile($5DA0)</td></tr>
<tr><td>$5DB0</td><td>$2B</td><td>#CALL:supertile($5DB0)</td></tr>
<tr><td>$5DC0</td><td>$2C</td><td>#CALL:supertile($5DC0)</td></tr>
<tr><td>$5DD0</td><td>$2D</td><td>#CALL:supertile($5DD0)</td></tr>
<tr><td>$5DE0</td><td>$2E</td><td>#CALL:supertile($5DE0)</td></tr>
<tr><td>$5DF0</td><td>$2F</td><td>#CALL:supertile($5DF0)</td></tr>
<tr><td>$5E00</td><td>$30</td><td>#CALL:supertile($5E00)</td></tr>
<tr><td>$5E10</td><td>$31</td><td>#CALL:supertile($5E10)</td></tr>
<tr><td>$5E20</td><td>$32</td><td>#CALL:supertile($5E20)</td></tr>
<tr><td>$5E30</td><td>$33</td><td>#CALL:supertile($5E30)</td></tr>
<tr><td>$5E40</td><td>$34</td><td>#CALL:supertile($5E40)</td></tr>
<tr><td>$5E50</td><td>$35</td><td>#CALL:supertile($5E50)</td></tr>
<tr><td>$5E60</td><td>$36</td><td>#CALL:supertile($5E60)</td></tr>
<tr><td>$5E70</td><td>$37</td><td>#CALL:supertile($5E70)</td></tr>
<tr><td>$5E80</td><td>$38</td><td>#CALL:supertile($5E80)</td></tr>
<tr><td>$5E90</td><td>$39</td><td>#CALL:supertile($5E90)</td></tr>
<tr><td>$5EA0</td><td>$3A</td><td>#CALL:supertile($5EA0)</td></tr>
<tr><td>$5EB0</td><td>$3B</td><td>#CALL:supertile($5EB0)</td></tr>
<tr><td>$5EC0</td><td>$3C</td><td>#CALL:supertile($5EC0)</td></tr>
<tr><td>$5ED0</td><td>$3D</td><td>#CALL:supertile($5ED0)</td></tr>
<tr><td>$5EE0</td><td>$3E</td><td>#CALL:supertile($5EE0)</td></tr>
<tr><td>$5EF0</td><td>$3F</td><td>#CALL:supertile($5EF0)</td></tr>
<tr><td>$5F00</td><td>$40</td><td>#CALL:supertile($5F00)</td></tr>
<tr><td>$5F10</td><td>$41</td><td>#CALL:supertile($5F10)</td></tr>
<tr><td>$5F20</td><td>$42</td><td>#CALL:supertile($5F20)</td></tr>
<tr><td>$5F30</td><td>$43</td><td>#CALL:supertile($5F30)</td></tr>
<tr><td>$5F40</td><td>$44</td><td>#CALL:supertile($5F40)</td></tr>
<tr><td>$5F50</td><td>$45</td><td>#CALL:supertile($5F50)</td></tr>
<tr><td>$5F60</td><td>$46</td><td>#CALL:supertile($5F60)</td></tr>
<tr><td>$5F70</td><td>$47</td><td>#CALL:supertile($5F70)</td></tr>
<tr><td>$5F80</td><td>$48</td><td>#CALL:supertile($5F80)</td></tr>
<tr><td>$5F90</td><td>$49</td><td>#CALL:supertile($5F90)</td></tr>
<tr><td>$5FA0</td><td>$4A</td><td>#CALL:supertile($5FA0)</td></tr>
<tr><td>$5FB0</td><td>$4B</td><td>#CALL:supertile($5FB0)</td></tr>
<tr><td>$5FC0</td><td>$4C</td><td>#CALL:supertile($5FC0)</td></tr>
<tr><td>$5FD0</td><td>$4D</td><td>#CALL:supertile($5FD0)</td></tr>
<tr><td>$5FE0</td><td>$4E</td><td>#CALL:supertile($5FE0)</td></tr>
<tr><td>$5FF0</td><td>$4F</td><td>#CALL:supertile($5FF0)</td><td>[unused by map]</td></tr>
<tr><td>$6000</td><td>$50</td><td>#CALL:supertile($6000)</td></tr>
<tr><td>$6010</td><td>$51</td><td>#CALL:supertile($6010)</td></tr>
<tr><td>$6020</td><td>$52</td><td>#CALL:supertile($6020)</td></tr>
<tr><td>$6030</td><td>$53</td><td>#CALL:supertile($6030)</td></tr>
<tr><td>$6040</td><td>$54</td><td>#CALL:supertile($6040)</td></tr>
<tr><td>$6050</td><td>$55</td><td>#CALL:supertile($6050)</td></tr>
<tr><td>$6060</td><td>$56</td><td>#CALL:supertile($6060)</td></tr>
<tr><td>$6070</td><td>$57</td><td>#CALL:supertile($6070)</td></tr>
<tr><td>$6080</td><td>$58</td><td>#CALL:supertile($6080)</td></tr>
<tr><td>$6090</td><td>$59</td><td>#CALL:supertile($6090)</td></tr>
<tr><td>$60A0</td><td>$5A</td><td>#CALL:supertile($60A0)</td></tr>
<tr><td>$60B0</td><td>$5B</td><td>#CALL:supertile($60B0)</td></tr>
<tr><td>$60C0</td><td>$5C</td><td>#CALL:supertile($60C0)</td></tr>
<tr><td>$60D0</td><td>$5D</td><td>#CALL:supertile($60D0)</td></tr>
<tr><td>$60E0</td><td>$5E</td><td>#CALL:supertile($60E0)</td></tr>
<tr><td>$60F0</td><td>$5F</td><td>#CALL:supertile($60F0)</td></tr>
<tr><td>$6100</td><td>$60</td><td>#CALL:supertile($6100)</td></tr>
<tr><td>$6110</td><td>$61</td><td>#CALL:supertile($6110)</td></tr>
<tr><td>$6120</td><td>$62</td><td>#CALL:supertile($6120)</td></tr>
<tr><td>$6130</td><td>$63</td><td>#CALL:supertile($6130)</td></tr>
<tr><td>$6140</td><td>$64</td><td>#CALL:supertile($6140)</td></tr>
<tr><td>$6150</td><td>$65</td><td>#CALL:supertile($6150)</td></tr>
<tr><td>$6160</td><td>$66</td><td>#CALL:supertile($6160)</td></tr>
<tr><td>$6170</td><td>$67</td><td>#CALL:supertile($6170)</td></tr>
<tr><td>$6180</td><td>$68</td><td>#CALL:supertile($6180)</td></tr>
<tr><td>$6190</td><td>$69</td><td>#CALL:supertile($6190)</td></tr>
<tr><td>$61A0</td><td>$6A</td><td>#CALL:supertile($61A0)</td></tr>
<tr><td>$61B0</td><td>$6B</td><td>#CALL:supertile($61B0)</td></tr>
<tr><td>$61C0</td><td>$6C</td><td>#CALL:supertile($61C0)</td></tr>
<tr><td>$61D0</td><td>$6D</td><td>#CALL:supertile($61D0)</td></tr>
<tr><td>$61E0</td><td>$6E</td><td>#CALL:supertile($61E0)</td></tr>
<tr><td>$61F0</td><td>$6F</td><td>#CALL:supertile($61F0)</td></tr>
<tr><td>$6200</td><td>$70</td><td>#CALL:supertile($6200)</td></tr>
<tr><td>$6210</td><td>$71</td><td>#CALL:supertile($6210)</td></tr>
<tr><td>$6220</td><td>$72</td><td>#CALL:supertile($6220)</td></tr>
<tr><td>$6230</td><td>$73</td><td>#CALL:supertile($6230)</td></tr>
<tr><td>$6240</td><td>$74</td><td>#CALL:supertile($6240)</td></tr>
<tr><td>$6250</td><td>$75</td><td>#CALL:supertile($6250)</td></tr>
<tr><td>$6260</td><td>$76</td><td>#CALL:supertile($6260)</td></tr>
<tr><td>$6270</td><td>$77</td><td>#CALL:supertile($6270)</td></tr>
<tr><td>$6280</td><td>$78</td><td>#CALL:supertile($6280)</td></tr>
<tr><td>$6290</td><td>$79</td><td>#CALL:supertile($6290)</td></tr>
<tr><td>$62A0</td><td>$7A</td><td>#CALL:supertile($62A0)</td></tr>
<tr><td>$62B0</td><td>$7B</td><td>#CALL:supertile($62B0)</td></tr>
<tr><td>$62C0</td><td>$7C</td><td>#CALL:supertile($62C0)</td></tr>
<tr><td>$62D0</td><td>$7D</td><td>#CALL:supertile($62D0)</td></tr>
<tr><td>$62E0</td><td>$7E</td><td>#CALL:supertile($62E0)</td></tr>
<tr><td>$62F0</td><td>$7F</td><td>#CALL:supertile($62F0)</td></tr>
<tr><td>$6300</td><td>$80</td><td>#CALL:supertile($6300)</td></tr>
<tr><td>$6310</td><td>$81</td><td>#CALL:supertile($6310)</td></tr>
<tr><td>$6320</td><td>$82</td><td>#CALL:supertile($6320)</td></tr>
<tr><td>$6330</td><td>$83</td><td>#CALL:supertile($6330)</td></tr>
<tr><td>$6340</td><td>$84</td><td>#CALL:supertile($6340)</td></tr>
<tr><td>$6350</td><td>$85</td><td>#CALL:supertile($6350)</td></tr>
<tr><td>$6360</td><td>$86</td><td>#CALL:supertile($6360)</td></tr>
<tr><td>$6370</td><td>$87</td><td>#CALL:supertile($6370)</td></tr>
<tr><td>$6380</td><td>$88</td><td>#CALL:supertile($6380)</td></tr>
<tr><td>$6390</td><td>$89</td><td>#CALL:supertile($6390)</td></tr>
<tr><td>$63A0</td><td>$8A</td><td>#CALL:supertile($63A0)</td></tr>
<tr><td>$63B0</td><td>$8B</td><td>#CALL:supertile($63B0)</td></tr>
<tr><td>$63C0</td><td>$8C</td><td>#CALL:supertile($63C0)</td></tr>
<tr><td>$63D0</td><td>$8D</td><td>#CALL:supertile($63D0)</td></tr>
<tr><td>$63E0</td><td>$8E</td><td>#CALL:supertile($63E0)</td></tr>
<tr><td>$63F0</td><td>$8F</td><td>#CALL:supertile($63F0)</td></tr>
<tr><td>$6400</td><td>$90</td><td>#CALL:supertile($6400)</td></tr>
<tr><td>$6410</td><td>$91</td><td>#CALL:supertile($6410)</td></tr>
<tr><td>$6420</td><td>$92</td><td>#CALL:supertile($6420)</td></tr>
<tr><td>$6430</td><td>$93</td><td>#CALL:supertile($6430)</td></tr>
<tr><td>$6440</td><td>$94</td><td>#CALL:supertile($6440)</td></tr>
<tr><td>$6450</td><td>$95</td><td>#CALL:supertile($6450)</td></tr>
<tr><td>$6460</td><td>$96</td><td>#CALL:supertile($6460)</td></tr>
<tr><td>$6470</td><td>$97</td><td>#CALL:supertile($6470)</td></tr>
<tr><td>$6480</td><td>$98</td><td>#CALL:supertile($6480)</td></tr>
<tr><td>$6490</td><td>$99</td><td>#CALL:supertile($6490)</td></tr>
<tr><td>$64A0</td><td>$9A</td><td>#CALL:supertile($64A0)</td><td>[unused by map]</td></tr>
<tr><td>$64B0</td><td>$9B</td><td>#CALL:supertile($64B0)</td></tr>
<tr><td>$64C0</td><td>$9C</td><td>#CALL:supertile($64C0)</td></tr>
<tr><td>$64D0</td><td>$9D</td><td>#CALL:supertile($64D0)</td></tr>
<tr><td>$64E0</td><td>$9E</td><td>#CALL:supertile($64E0)</td></tr>
<tr><td>$64F0</td><td>$9F</td><td>#CALL:supertile($64F0)</td></tr>
<tr><td>$6500</td><td>$A0</td><td>#CALL:supertile($6500)</td></tr>
<tr><td>$6510</td><td>$A1</td><td>#CALL:supertile($6510)</td></tr>
<tr><td>$6520</td><td>$A2</td><td>#CALL:supertile($6520)</td></tr>
<tr><td>$6530</td><td>$A3</td><td>#CALL:supertile($6530)</td></tr>
<tr><td>$6540</td><td>$A4</td><td>#CALL:supertile($6540)</td></tr>
<tr><td>$6550</td><td>$A5</td><td>#CALL:supertile($6550)</td></tr>
<tr><td>$6560</td><td>$A6</td><td>#CALL:supertile($6560)</td></tr>
<tr><td>$6570</td><td>$A7</td><td>#CALL:supertile($6570)</td></tr>
<tr><td>$6580</td><td>$A8</td><td>#CALL:supertile($6580)</td></tr>
<tr><td>$6590</td><td>$A9</td><td>#CALL:supertile($6590)</td></tr>
<tr><td>$65A0</td><td>$AA</td><td>#CALL:supertile($65A0)</td></tr>
<tr><td>$65B0</td><td>$AB</td><td>#CALL:supertile($65B0)</td></tr>
<tr><td>$65C0</td><td>$AC</td><td>#CALL:supertile($65C0)</td></tr>
<tr><td>$65D0</td><td>$AD</td><td>#CALL:supertile($65D0)</td></tr>
<tr><td>$65E0</td><td>$AE</td><td>#CALL:supertile($65E0)</td></tr>
<tr><td>$65F0</td><td>$AF</td><td>#CALL:supertile($65F0)</td></tr>
<tr><td>$6600</td><td>$B0</td><td>#CALL:supertile($6600)</td></tr>
<tr><td>$6610</td><td>$B1</td><td>#CALL:supertile($6610)</td></tr>
<tr><td>$6620</td><td>$B2</td><td>#CALL:supertile($6620)</td></tr>
<tr><td>$6630</td><td>$B3</td><td>#CALL:supertile($6630)</td></tr>
<tr><td>$6640</td><td>$B4</td><td>#CALL:supertile($6640)</td></tr>
<tr><td>$6650</td><td>$B5</td><td>#CALL:supertile($6650)</td></tr>
<tr><td>$6660</td><td>$B6</td><td>#CALL:supertile($6660)</td></tr>
<tr><td>$6670</td><td>$B7</td><td>#CALL:supertile($6670)</td></tr>
<tr><td>$6680</td><td>$B8</td><td>#CALL:supertile($6680)</td></tr>
<tr><td>$6690</td><td>$B9</td><td>#CALL:supertile($6690)</td></tr>
<tr><td>$66A0</td><td>$BA</td><td>#CALL:supertile($66A0)</td></tr>
<tr><td>$66B0</td><td>$BB</td><td>#CALL:supertile($66B0)</td></tr>
<tr><td>$66C0</td><td>$BC</td><td>#CALL:supertile($66C0)</td></tr>
<tr><td>$66D0</td><td>$BD</td><td>#CALL:supertile($66D0)</td></tr>
<tr><td>$66E0</td><td>$BE</td><td>#CALL:supertile($66E0)</td></tr>
<tr><td>$66F0</td><td>$BF</td><td>#CALL:supertile($66F0)</td></tr>
<tr><td>$6700</td><td>$C0</td><td>#CALL:supertile($6700)</td></tr>
<tr><td>$6710</td><td>$C1</td><td>#CALL:supertile($6710)</td></tr>
<tr><td>$6720</td><td>$C2</td><td>#CALL:supertile($6720)</td></tr>
<tr><td>$6730</td><td>$C3</td><td>#CALL:supertile($6730)</td></tr>
<tr><td>$6740</td><td>$C4</td><td>#CALL:supertile($6740)</td></tr>
<tr><td>$6750</td><td>$C5</td><td>#CALL:supertile($6750)</td></tr>
<tr><td>$6760</td><td>$C6</td><td>#CALL:supertile($6760)</td></tr>
<tr><td>$6770</td><td>$C7</td><td>#CALL:supertile($6770)</td></tr>
<tr><td>$6780</td><td>$C8</td><td>#CALL:supertile($6780)</td></tr>
<tr><td>$6790</td><td>$C9</td><td>#CALL:supertile($6790)</td></tr>
<tr><td>$67A0</td><td>$CA</td><td>#CALL:supertile($67A0)</td></tr>
<tr><td>$67B0</td><td>$CB</td><td>#CALL:supertile($67B0)</td></tr>
<tr><td>$67C0</td><td>$CC</td><td>#CALL:supertile($67C0)</td></tr>
<tr><td>$67D0</td><td>$CD</td><td>#CALL:supertile($67D0)</td></tr>
<tr><td>$67E0</td><td>$CE</td><td>#CALL:supertile($67E0)</td></tr>
<tr><td>$67F0</td><td>$CF</td><td>#CALL:supertile($67F0)</td></tr>
<tr><td>$6800</td><td>$D0</td><td>#CALL:supertile($6800)</td></tr>
<tr><td>$6810</td><td>$D1</td><td>#CALL:supertile($6810)</td></tr>
<tr><td>$6820</td><td>$D2</td><td>#CALL:supertile($6820)</td></tr>
<tr><td>$6830</td><td>$D3</td><td>#CALL:supertile($6830)</td></tr>
<tr><td>$6840</td><td>$D4</td><td>#CALL:supertile($6840)</td></tr>
<tr><td>$6850</td><td>$D5</td><td>#CALL:supertile($6850)</td></tr>
<tr><td>$6860</td><td>$D6</td><td>#CALL:supertile($6860)</td></tr>
<tr><td>$6870</td><td>$D7</td><td>#CALL:supertile($6870)</td></tr>
<tr><td>$6880</td><td>$D8</td><td>#CALL:supertile($6880)</td></tr>
<tr><td>$6890</td><td>$D9</td><td>#CALL:supertile($6890)</td></tr>
</table>

